[INFO] Scanning for projects...
[INFO] 
[INFO] ----------------------< com.aio:hospital-safety >-----------------------
[INFO] Building hospital-safety 0.0.1-SNAPSHOT
[INFO]   from pom.xml
[INFO] --------------------------------[ jar ]---------------------------------
[INFO] 
[INFO] >>> spring-boot:4.1.1:run (default-cli) > test-compile @ hospital-safety >>>
[INFO] 
[INFO] --- resources:3.5.0:resources (default-resources) @ hospital-safety ---
[INFO] Copying 1 resource from src\main\resources to target\classes
[INFO] Copying 17 resources from src\main\resources to target\classes
[INFO] 
[INFO] --- compiler:3.15.0:compile (default-compile) @ hospital-safety ---
[INFO] Nothing to compile - all classes are up to date.
[INFO] 
[INFO] --- resources:3.5.0:testResources (default-testResources) @ hospital-safety ---
[INFO] skip non existing resourceDirectory C:\Users\SMHRD\OneDrive\Desktop\hospital-safety\src\test\resources
[INFO] 
[INFO] --- compiler:3.15.0:testCompile (default-testCompile) @ hospital-safety ---
[INFO] Nothing to compile - all classes are up to date.
[INFO] 
[INFO] <<< spring-boot:4.1.1:run (default-cli) < test-compile @ hospital-safety <<<
[INFO] 
[INFO] 
[INFO] --- spring-boot:4.1.1:run (default-cli) @ hospital-safety ---
[INFO] Attaching agents: []

  .   ____          _            __ _ _
 /\\ / ___'_ __ _ _(_)_ __  __ _ \ \ \ \
( ( )\___ | '_ | '_| | '_ \/ _` | \ \ \ \
 \\/  ___)| |_)| | | | | || (_| |  ) ) ) )
  '  |____| .__|_| |_|_| |_\__, | / / / /
 =========|_|==============|___/=/_/_/_/

 :: Spring Boot ::                (v4.1.1)

2026-09-08T15:27:17.272+09:00  INFO 13668 --- [hospital-safety] [  restartedMain] c.a.h.HospitalSafetyApplication          : Starting HospitalSafetyApplication using Java 21.0.12 with PID 13668 (C:\Users\SMHRD\OneDrive\Desktop\hospital-safety\target\classes started by SMHRD in C:\Users\SMHRD\OneDrive\Desktop\hospital-safety)
2026-09-08T15:27:17.279+09:00  INFO 13668 --- [hospital-safety] [  restartedMain] c.a.h.HospitalSafetyApplication          : No active profile set, falling back to 1 default profile: "default"
2026-09-08T15:27:17.315+09:00  INFO 13668 --- [hospital-safety] [  restartedMain] .e.DevToolsPropertyDefaultsPostProcessor : Devtools property defaults active! Set 'spring.devtools.add-properties' to 'false' to disable
2026-09-08T15:27:17.315+09:00  INFO 13668 --- [hospital-safety] [  restartedMain] .e.DevToolsPropertyDefaultsPostProcessor : For additional web related logging consider setting the 'logging.level.web' property to 'DEBUG'
2026-09-08T15:27:18.037+09:00  INFO 13668 --- [hospital-safety] [  restartedMain] o.s.boot.tomcat.TomcatWebServer          : Tomcat initialized with port 8081 (http)
2026-09-08T15:27:18.046+09:00  INFO 13668 --- [hospital-safety] [  restartedMain] o.apache.catalina.core.StandardService   : Starting service [Tomcat]
2026-09-08T15:27:18.046+09:00  INFO 13668 --- [hospital-safety] [  restartedMain] o.apache.catalina.core.StandardEngine    : Starting Servlet engine: [Apache Tomcat/11.0.24]
2026-09-08T15:27:18.080+09:00  INFO 13668 --- [hospital-safety] [  restartedMain] b.w.c.s.WebApplicationContextInitializer : Root WebApplicationContext: initialization completed in 765 ms
2026-09-08T15:27:18.514+09:00  INFO 13668 --- [hospital-safety] [  restartedMain] o.s.boot.tomcat.TomcatWebServer          : Tomcat started on port 8081 (http) with context path '/'
2026-09-08T15:27:18.530+09:00  INFO 13668 --- [hospital-safety] [  restartedMain] c.a.h.HospitalSafetyApplication          : Started HospitalSafetyApplication in 1.633 seconds (process running for 2.004)
